2026-05-08T10:59:37Z | total: 17 | failed: 3
    - oil.nonarkara.org (404)
    - bot.nonarkara.org (404)
    - brain.nonarkara.org (404)
2026-05-08T12:15:35Z | total: 19 | failed: 3
    - oil.nonarkara.org (404)
    - bot.nonarkara.org (404)
    - brain.nonarkara.org (404)
2026-05-08T14:23:13Z | total: 23 | failed: 3
    - oil.nonarkara.org (404)
    - bot.nonarkara.org (404)
    - brain.nonarkara.org (404)
2026-05-08T14:38:03Z | total: 23 | failed: 4
    - tkc.nonarkara.org (404)
    - oil.nonarkara.org (404)
    - bot.nonarkara.org (404)
    - brain.nonarkara.org (404)
2026-05-08T15:58:42Z | total: 25 | failed: 3
    - oil.nonarkara.org (404)
    - bot.nonarkara.org (404)
    - brain.nonarkara.org (404)
2026-05-08T17:40:24Z | total: 26 | failed: 3
    - oil.nonarkara.org (404)
    - bot.nonarkara.org (404)
    - brain.nonarkara.org (404)
2026-05-08T19:19:28Z | total: 26 | failed: 3
    - oil.nonarkara.org (404)
    - bot.nonarkara.org (404)
    - brain.nonarkara.org (404)
2026-05-08T20:33:42Z | total: 27 | failed: 3
    - oil.nonarkara.org (404)
    - bot.nonarkara.org (404)
    - brain.nonarkara.org (404)
2026-05-08T21:59:07Z | total: 27 | failed: 3
    - oil.nonarkara.org (404)
    - bot.nonarkara.org (404)
    - brain.nonarkara.org (404)
2026-05-08T23:03:34Z | total: 27 | failed: 3
    - oil.nonarkara.org (404)
    - bot.nonarkara.org (404)
    - brain.nonarkara.org (404)
2026-05-09T01:15:27Z | total: 27 | failed: 3
    - oil.nonarkara.org (404)
    - bot.nonarkara.org (404)
    - brain.nonarkara.org (404)
2026-05-09T04:48:31Z | total: 28 | failed: 3
    - oil.nonarkara.org (404)
    - bot.nonarkara.org (404)
    - brain.nonarkara.org (404)
2026-05-09T07:07:26Z | total: 29 | failed: 3
    - oil.nonarkara.org (404)
    - bot.nonarkara.org (404)
    - brain.nonarkara.org (404)
2026-05-09T08:58:37Z | total: 29 | failed: 4
    - cdp.nonarkara.org (530)
    - oil.nonarkara.org (404)
    - bot.nonarkara.org (530)
    - brain.nonarkara.org (404)
2026-05-09T10:14:10Z | total: 29 | failed: 3
    - oil.nonarkara.org (404)
    - bot.nonarkara.org (404)
    - brain.nonarkara.org (530)
2026-05-09T11:26:00Z | total: 29 | failed: 3
    - oil.nonarkara.org (404)
    - bot.nonarkara.org (404)
    - brain.nonarkara.org (530)
2026-05-09T12:10:50Z | total: 29 | failed: 3
    - oil.nonarkara.org (404)
    - bot.nonarkara.org (404)
    - brain.nonarkara.org (530)
2026-05-09T13:58:31Z | total: 29 | failed: 3
    - oil.nonarkara.org (404)
    - bot.nonarkara.org (404)
    - brain.nonarkara.org (530)
2026-05-09T15:02:05Z | total: 29 | failed: 3
    - oil.nonarkara.org (404)
    - bot.nonarkara.org (404)
    - brain.nonarkara.org (530)
2026-05-09T16:27:43Z | total: 29 | failed: 3
    - oil.nonarkara.org (404)
    - bot.nonarkara.org (404)
    - brain.nonarkara.org (404)
2026-05-09T17:30:01Z | total: 29 | failed: 3
    - oil.nonarkara.org (404)
    - bot.nonarkara.org (404)
    - brain.nonarkara.org (404)
2026-05-09T18:33:55Z | total: 29 | failed: 3
    - oil.nonarkara.org (404)
    - bot.nonarkara.org (404)
    - brain.nonarkara.org (404)
2026-05-09T19:57:30Z | total: 29 | failed: 3
    - oil.nonarkara.org (404)
    - bot.nonarkara.org (404)
    - brain.nonarkara.org (404)
2026-05-09T20:53:55Z | total: 29 | failed: 3
    - oil.nonarkara.org (404)
    - bot.nonarkara.org (404)
    - brain.nonarkara.org (404)
2026-05-09T21:43:35Z | total: 29 | failed: 3
    - oil.nonarkara.org (404)
    - bot.nonarkara.org (404)
    - brain.nonarkara.org (404)
2026-05-09T22:45:15Z | total: 29 | failed: 3
    - oil.nonarkara.org (404)
    - bot.nonarkara.org (404)
    - brain.nonarkara.org (404)
2026-05-09T23:50:49Z | total: 29 | failed: 3
    - oil.nonarkara.org (404)
    - bot.nonarkara.org (404)
    - brain.nonarkara.org (404)
2026-05-10T03:23:10Z | total: 29 | failed: 3
    - oil.nonarkara.org (404)
    - bot.nonarkara.org (404)
    - brain.nonarkara.org (404)
2026-05-10T06:22:44Z | total: 29 | failed: 3
    - oil.nonarkara.org (404)
    - bot.nonarkara.org (404)
    - brain.nonarkara.org (404)
2026-05-10T08:26:41Z | total: 29 | failed: 3
    - oil.nonarkara.org (404)
    - bot.nonarkara.org (404)
    - brain.nonarkara.org (404)
2026-05-10T09:55:27Z | total: 29 | failed: 3
    - oil.nonarkara.org (404)
    - bot.nonarkara.org (404)
    - brain.nonarkara.org (404)
2026-05-10T11:01:07Z | total: 29 | failed: 3
    - oil.nonarkara.org (404)
    - bot.nonarkara.org (404)
    - brain.nonarkara.org (404)
2026-05-10T12:09:26Z | total: 29 | failed: 3
    - oil.nonarkara.org (404)
    - bot.nonarkara.org (404)
    - brain.nonarkara.org (404)
2026-05-10T14:00:17Z | total: 29 | failed: 3
    - oil.nonarkara.org (404)
    - bot.nonarkara.org (404)
    - brain.nonarkara.org (404)
2026-05-10T15:30:49Z | total: 29 | failed: 3
    - oil.nonarkara.org (404)
    - bot.nonarkara.org (404)
    - brain.nonarkara.org (404)
2026-05-10T16:57:03Z | total: 29 | failed: 3
    - oil.nonarkara.org (404)
    - bot.nonarkara.org (404)
    - brain.nonarkara.org (404)
2026-05-10T17:55:34Z | total: 29 | failed: 3
    - oil.nonarkara.org (404)
    - bot.nonarkara.org (404)
    - brain.nonarkara.org (404)
2026-05-10T19:07:12Z | total: 29 | failed: 3
    - oil.nonarkara.org (404)
    - bot.nonarkara.org (404)
    - brain.nonarkara.org (404)
2026-05-10T20:10:12Z | total: 29 | failed: 3
    - oil.nonarkara.org (404)
    - bot.nonarkara.org (404)
    - brain.nonarkara.org (404)
2026-05-10T21:13:02Z | total: 29 | failed: 3
    - oil.nonarkara.org (404)
    - bot.nonarkara.org (404)
    - brain.nonarkara.org (530)
2026-05-10T22:10:17Z | total: 29 | failed: 3
    - oil.nonarkara.org (404)
    - bot.nonarkara.org (404)
    - brain.nonarkara.org (530)
2026-05-10T23:26:18Z | total: 29 | failed: 3
    - oil.nonarkara.org (404)
    - bot.nonarkara.org (404)
    - brain.nonarkara.org (530)
2026-05-11T01:23:20Z | total: 29 | failed: 3
    - oil.nonarkara.org (404)
    - bot.nonarkara.org (404)
    - brain.nonarkara.org (530)
2026-05-11T05:33:02Z | total: 29 | failed: 3
    - oil.nonarkara.org (404)
    - bot.nonarkara.org (404)
    - brain.nonarkara.org (530)
2026-05-11T09:41:00Z | total: 29 | failed: 3
    - oil.nonarkara.org (404)
    - bot.nonarkara.org (404)
    - brain.nonarkara.org (404)
2026-05-11T12:39:29Z | total: 29 | failed: 3
    - oil.nonarkara.org (404)
    - bot.nonarkara.org (404)
    - brain.nonarkara.org (530)
2026-05-11T15:56:17Z | total: 29 | failed: 3
    - oil.nonarkara.org (404)
    - bot.nonarkara.org (404)
    - brain.nonarkara.org (404)
2026-05-11T17:57:27Z | total: 29 | failed: 4
    - scl.nonarkara.org (404)
    - oil.nonarkara.org (404)
    - bot.nonarkara.org (404)
    - brain.nonarkara.org (404)
2026-05-11T19:56:40Z | total: 29 | failed: 5
    - cdp.nonarkara.org (530)
    - scl.nonarkara.org (404)
    - oil.nonarkara.org (404)
    - bot.nonarkara.org (530)
    - brain.nonarkara.org (404)
2026-05-11T21:21:25Z | total: 29 | failed: 5
    - cdp.nonarkara.org (530)
    - scl.nonarkara.org (404)
    - oil.nonarkara.org (404)
    - bot.nonarkara.org (530)
    - brain.nonarkara.org (530)
2026-05-11T22:33:03Z | total: 29 | failed: 5
    - cdp.nonarkara.org (530)
    - scl.nonarkara.org (404)
    - oil.nonarkara.org (404)
    - bot.nonarkara.org (530)
    - brain.nonarkara.org (404)
2026-05-11T23:59:01Z | total: 29 | failed: 5
    - cdp.nonarkara.org (530)
    - scl.nonarkara.org (404)
    - oil.nonarkara.org (404)
    - bot.nonarkara.org (530)
    - brain.nonarkara.org (404)
2026-05-12T03:59:36Z | total: 29 | failed: 5
    - cdp.nonarkara.org (530)
    - scl.nonarkara.org (404)
    - oil.nonarkara.org (404)
    - bot.nonarkara.org (530)
    - brain.nonarkara.org (530)
2026-05-12T06:44:13Z | total: 29 | failed: 4
    - cdp.nonarkara.org (530)
    - oil.nonarkara.org (404)
    - bot.nonarkara.org (530)
    - brain.nonarkara.org (404)
2026-05-12T09:40:48Z | total: 29 | failed: 3
    - oil.nonarkara.org (404)
    - bot.nonarkara.org (404)
    - brain.nonarkara.org (404)
2026-05-12T11:57:26Z | total: 29 | failed: 3
    - oil.nonarkara.org (404)
    - bot.nonarkara.org (404)
    - brain.nonarkara.org (404)
2026-05-12T14:40:29Z | total: 29 | failed: 3
    - oil.nonarkara.org (404)
    - bot.nonarkara.org (404)
    - brain.nonarkara.org (404)
2026-05-12T17:11:48Z | total: 29 | failed: 3
    - oil.nonarkara.org (404)
    - bot.nonarkara.org (404)
    - brain.nonarkara.org (404)
2026-05-12T19:17:48Z | total: 29 | failed: 3
    - oil.nonarkara.org (404)
    - bot.nonarkara.org (404)
    - brain.nonarkara.org (404)
2026-05-12T20:59:01Z | total: 29 | failed: 3
    - oil.nonarkara.org (404)
    - bot.nonarkara.org (404)
    - brain.nonarkara.org (404)
2026-05-12T22:19:33Z | total: 29 | failed: 3
    - oil.nonarkara.org (404)
    - bot.nonarkara.org (404)
    - brain.nonarkara.org (404)
2026-05-12T23:35:59Z | total: 29 | failed: 3
    - oil.nonarkara.org (404)
    - bot.nonarkara.org (404)
    - brain.nonarkara.org (404)
2026-05-13T03:30:36Z | total: 29 | failed: 3
    - oil.nonarkara.org (404)
    - bot.nonarkara.org (404)
    - brain.nonarkara.org (404)
2026-05-13T06:48:33Z | total: 29 | failed: 3
    - oil.nonarkara.org (404)
    - bot.nonarkara.org (404)
    - brain.nonarkara.org (404)
2026-05-13T09:45:32Z | total: 29 | failed: 3
    - oil.nonarkara.org (404)
    - bot.nonarkara.org (404)
    - brain.nonarkara.org (404)
2026-05-13T12:05:09Z | total: 29 | failed: 3
    - oil.nonarkara.org (404)
    - bot.nonarkara.org (404)
    - brain.nonarkara.org (404)
2026-05-13T15:24:20Z | total: 29 | failed: 3
    - oil.nonarkara.org (404)
    - bot.nonarkara.org (404)
    - brain.nonarkara.org (404)
2026-05-13T17:35:00Z | total: 29 | failed: 3
    - oil.nonarkara.org (404)
    - bot.nonarkara.org (404)
    - brain.nonarkara.org (404)
2026-05-13T19:55:40Z | total: 29 | failed: 3
    - oil.nonarkara.org (404)
    - bot.nonarkara.org (404)
    - brain.nonarkara.org (404)
2026-05-13T21:27:11Z | total: 29 | failed: 3
    - oil.nonarkara.org (404)
    - bot.nonarkara.org (404)
    - brain.nonarkara.org (404)
2026-05-13T22:47:01Z | total: 29 | failed: 3
    - oil.nonarkara.org (404)
    - bot.nonarkara.org (404)
    - brain.nonarkara.org (404)
2026-05-13T23:59:47Z | total: 29 | failed: 3
    - oil.nonarkara.org (404)
    - bot.nonarkara.org (404)
    - brain.nonarkara.org (404)
2026-05-14T04:07:44Z | total: 29 | failed: 4
    - cdp.nonarkara.org (530)
    - oil.nonarkara.org (404)
    - bot.nonarkara.org (530)
    - brain.nonarkara.org (404)
2026-05-14T07:28:34Z | total: 29 | failed: 4
    - cdp.nonarkara.org (530)
    - oil.nonarkara.org (404)
    - bot.nonarkara.org (530)
    - brain.nonarkara.org (404)
2026-05-14T09:57:17Z | total: 29 | failed: 3
    - oil.nonarkara.org (404)
    - bot.nonarkara.org (404)
    - brain.nonarkara.org (404)
2026-05-14T11:57:02Z | total: 29 | failed: 3
    - oil.nonarkara.org (404)
    - bot.nonarkara.org (404)
    - brain.nonarkara.org (530)
2026-05-14T14:28:04Z | total: 29 | failed: 3
    - oil.nonarkara.org (404)
    - bot.nonarkara.org (530)
    - brain.nonarkara.org (404)
2026-05-14T16:29:15Z | total: 29 | failed: 3
    - oil.nonarkara.org (404)
    - bot.nonarkara.org (404)
    - brain.nonarkara.org (404)
2026-05-14T18:18:59Z | total: 29 | failed: 3
    - oil.nonarkara.org (404)
    - bot.nonarkara.org (404)
    - brain.nonarkara.org (404)
2026-05-14T20:14:02Z | total: 29 | failed: 3
    - oil.nonarkara.org (404)
    - bot.nonarkara.org (404)
    - brain.nonarkara.org (404)
2026-05-14T21:44:19Z | total: 29 | failed: 3
    - oil.nonarkara.org (404)
    - bot.nonarkara.org (404)
    - brain.nonarkara.org (404)
2026-05-14T22:57:06Z | total: 29 | failed: 3
    - oil.nonarkara.org (404)
    - bot.nonarkara.org (404)
    - brain.nonarkara.org (404)
2026-05-15T00:01:08Z | total: 29 | failed: 3
    - oil.nonarkara.org (404)
    - bot.nonarkara.org (404)
    - brain.nonarkara.org (404)
2026-05-15T04:34:38Z | total: 29 | failed: 3
    - oil.nonarkara.org (404)
    - bot.nonarkara.org (404)
    - brain.nonarkara.org (404)
2026-05-15T10:24:29Z | total: 29 | failed: 3
    - oil.nonarkara.org (404)
    - bot.nonarkara.org (404)
    - brain.nonarkara.org (404)
2026-05-15T12:17:29Z | total: 29 | failed: 3
    - oil.nonarkara.org (404)
    - bot.nonarkara.org (404)
    - brain.nonarkara.org (404)
2026-05-15T15:00:23Z | total: 29 | failed: 3
    - oil.nonarkara.org (404)
    - bot.nonarkara.org (404)
    - brain.nonarkara.org (404)
2026-05-15T17:09:01Z | total: 29 | failed: 3
    - oil.nonarkara.org (404)
    - bot.nonarkara.org (404)
    - brain.nonarkara.org (404)
2026-05-15T19:05:31Z | total: 29 | failed: 3
    - oil.nonarkara.org (404)
    - bot.nonarkara.org (404)
    - brain.nonarkara.org (404)
2026-05-15T20:39:59Z | total: 29 | failed: 3
    - oil.nonarkara.org (404)
    - bot.nonarkara.org (404)
    - brain.nonarkara.org (404)
2026-05-15T21:59:57Z | total: 29 | failed: 3
    - oil.nonarkara.org (404)
    - bot.nonarkara.org (404)
    - brain.nonarkara.org (404)
2026-05-15T23:05:55Z | total: 29 | failed: 3
    - oil.nonarkara.org (404)
    - bot.nonarkara.org (404)
    - brain.nonarkara.org (404)
2026-05-16T01:15:04Z | total: 29 | failed: 3
    - oil.nonarkara.org (404)
    - bot.nonarkara.org (404)
    - brain.nonarkara.org (404)
2026-05-16T04:52:47Z | total: 29 | failed: 3
    - oil.nonarkara.org (404)
    - bot.nonarkara.org (404)
    - brain.nonarkara.org (404)
2026-05-16T07:13:41Z | total: 29 | failed: 3
    - oil.nonarkara.org (404)
    - bot.nonarkara.org (404)
    - brain.nonarkara.org (404)
2026-05-16T09:10:54Z | total: 29 | failed: 3
    - oil.nonarkara.org (404)
    - bot.nonarkara.org (404)
    - brain.nonarkara.org (404)
2026-05-16T10:45:10Z | total: 29 | failed: 3
    - oil.nonarkara.org (404)
    - bot.nonarkara.org (404)
    - brain.nonarkara.org (404)
2026-05-16T11:51:38Z | total: 29 | failed: 3
    - oil.nonarkara.org (404)
    - bot.nonarkara.org (404)
    - brain.nonarkara.org (404)
2026-05-16T13:23:50Z | total: 29 | failed: 3
    - oil.nonarkara.org (404)
    - bot.nonarkara.org (404)
    - brain.nonarkara.org (404)
2026-05-16T14:39:51Z | total: 29 | failed: 3
    - oil.nonarkara.org (404)
    - bot.nonarkara.org (404)
    - brain.nonarkara.org (404)
2026-05-16T15:58:32Z | total: 29 | failed: 3
    - oil.nonarkara.org (404)
    - bot.nonarkara.org (404)
    - brain.nonarkara.org (404)
2026-05-16T17:08:49Z | total: 29 | failed: 3
    - oil.nonarkara.org (404)
    - bot.nonarkara.org (404)
    - brain.nonarkara.org (404)
2026-05-16T18:13:13Z | total: 29 | failed: 3
    - oil.nonarkara.org (404)
    - bot.nonarkara.org (404)
    - brain.nonarkara.org (404)
2026-05-16T19:39:02Z | total: 29 | failed: 3
    - oil.nonarkara.org (404)
    - bot.nonarkara.org (404)
    - brain.nonarkara.org (404)
2026-05-16T20:49:31Z | total: 29 | failed: 3
    - oil.nonarkara.org (404)
    - bot.nonarkara.org (404)
    - brain.nonarkara.org (404)
2026-05-16T21:50:43Z | total: 29 | failed: 3
    - oil.nonarkara.org (404)
    - bot.nonarkara.org (404)
    - brain.nonarkara.org (404)
2026-05-16T22:46:13Z | total: 29 | failed: 3
    - oil.nonarkara.org (404)
    - bot.nonarkara.org (404)
    - brain.nonarkara.org (404)
2026-05-16T23:53:33Z | total: 29 | failed: 3
    - oil.nonarkara.org (404)
    - bot.nonarkara.org (404)
    - brain.nonarkara.org (404)
2026-05-17T03:31:07Z | total: 29 | failed: 3
    - oil.nonarkara.org (404)
    - bot.nonarkara.org (404)
    - brain.nonarkara.org (404)
2026-05-17T06:44:50Z | total: 29 | failed: 3
    - oil.nonarkara.org (404)
    - bot.nonarkara.org (404)
    - brain.nonarkara.org (404)
2026-05-17T09:06:02Z | total: 29 | failed: 3
    - oil.nonarkara.org (404)
    - bot.nonarkara.org (404)
    - brain.nonarkara.org (404)
2026-05-17T10:50:54Z | total: 29 | failed: 3
    - oil.nonarkara.org (404)
    - bot.nonarkara.org (404)
    - brain.nonarkara.org (530)
2026-05-17T12:00:22Z | total: 29 | failed: 3
    - oil.nonarkara.org (404)
    - bot.nonarkara.org (404)
    - brain.nonarkara.org (530)
2026-05-17T14:04:20Z | total: 29 | failed: 3
    - oil.nonarkara.org (404)
    - bot.nonarkara.org (404)
    - brain.nonarkara.org (530)
2026-05-17T15:36:45Z | total: 29 | failed: 3
    - oil.nonarkara.org (404)
    - bot.nonarkara.org (404)
    - brain.nonarkara.org (530)
2026-05-17T16:57:43Z | total: 29 | failed: 3
    - oil.nonarkara.org (404)
    - bot.nonarkara.org (404)
    - brain.nonarkara.org (404)
2026-05-17T18:02:55Z | total: 29 | failed: 3
    - oil.nonarkara.org (404)
    - bot.nonarkara.org (404)
    - brain.nonarkara.org (404)
2026-05-17T19:44:23Z | total: 29 | failed: 3
    - oil.nonarkara.org (404)
    - bot.nonarkara.org (404)
    - brain.nonarkara.org (404)
2026-05-17T20:53:11Z | total: 29 | failed: 3
    - oil.nonarkara.org (404)
    - bot.nonarkara.org (404)
    - brain.nonarkara.org (404)
2026-05-17T21:56:09Z | total: 29 | failed: 3
    - oil.nonarkara.org (404)
    - bot.nonarkara.org (404)
    - brain.nonarkara.org (404)
2026-05-17T22:56:17Z | total: 29 | failed: 3
    - oil.nonarkara.org (404)
    - bot.nonarkara.org (404)
    - brain.nonarkara.org (404)
2026-05-17T23:59:42Z | total: 29 | failed: 3
    - oil.nonarkara.org (404)
    - bot.nonarkara.org (404)
    - brain.nonarkara.org (404)
2026-05-18T04:24:51Z | total: 29 | failed: 4
    - cdp.nonarkara.org (530)
    - oil.nonarkara.org (404)
    - bot.nonarkara.org (530)
    - brain.nonarkara.org (404)
2026-05-18T08:31:03Z | total: 29 | failed: 3
    - oil.nonarkara.org (404)
    - bot.nonarkara.org (404)
    - brain.nonarkara.org (404)
2026-05-18T12:32:04Z | total: 29 | failed: 3
    - oil.nonarkara.org (404)
    - bot.nonarkara.org (404)
    - brain.nonarkara.org (530)
2026-05-18T16:24:08Z | total: 29 | failed: 3
    - oil.nonarkara.org (404)
    - bot.nonarkara.org (404)
    - brain.nonarkara.org (404)
2026-05-18T18:18:20Z | total: 29 | failed: 3
    - oil.nonarkara.org (404)
    - bot.nonarkara.org (404)
    - brain.nonarkara.org (404)
2026-05-18T20:13:03Z | total: 29 | failed: 3
    - oil.nonarkara.org (404)
    - bot.nonarkara.org (404)
    - brain.nonarkara.org (404)
2026-05-18T21:46:25Z | total: 29 | failed: 3
    - oil.nonarkara.org (404)
    - bot.nonarkara.org (404)
    - brain.nonarkara.org (404)
2026-05-18T23:01:51Z | total: 29 | failed: 3
    - oil.nonarkara.org (404)
    - bot.nonarkara.org (404)
    - brain.nonarkara.org (404)
2026-05-19T01:29:11Z | total: 29 | failed: 3
    - oil.nonarkara.org (404)
    - bot.nonarkara.org (404)
    - brain.nonarkara.org (404)
2026-05-19T05:44:45Z | total: 29 | failed: 3
    - oil.nonarkara.org (404)
    - bot.nonarkara.org (404)
    - brain.nonarkara.org (404)
2026-05-19T09:44:30Z | total: 29 | failed: 3
    - oil.nonarkara.org (404)
    - bot.nonarkara.org (404)
    - brain.nonarkara.org (404)
2026-05-19T12:39:40Z | total: 29 | failed: 3
    - oil.nonarkara.org (404)
    - bot.nonarkara.org (404)
    - brain.nonarkara.org (404)
2026-05-19T16:20:52Z | total: 29 | failed: 3
    - oil.nonarkara.org (404)
    - bot.nonarkara.org (404)
    - brain.nonarkara.org (404)
2026-05-19T18:21:12Z | total: 29 | failed: 3
    - oil.nonarkara.org (404)
    - bot.nonarkara.org (404)
    - brain.nonarkara.org (404)
2026-05-19T20:13:49Z | total: 29 | failed: 3
    - oil.nonarkara.org (404)
    - bot.nonarkara.org (404)
    - brain.nonarkara.org (404)
2026-05-19T21:54:06Z | total: 29 | failed: 3
    - oil.nonarkara.org (404)
    - bot.nonarkara.org (404)
    - brain.nonarkara.org (404)
2026-05-19T23:02:22Z | total: 29 | failed: 3
    - oil.nonarkara.org (404)
    - bot.nonarkara.org (404)
    - brain.nonarkara.org (404)
2026-05-20T01:30:48Z | total: 29 | failed: 3
    - oil.nonarkara.org (404)
    - bot.nonarkara.org (404)
    - brain.nonarkara.org (404)
2026-05-20T06:08:50Z | total: 29 | failed: 3
    - oil.nonarkara.org (404)
    - bot.nonarkara.org (404)
    - brain.nonarkara.org (404)
2026-05-20T09:59:49Z | total: 29 | failed: 3
    - oil.nonarkara.org (404)
    - bot.nonarkara.org (404)
    - brain.nonarkara.org (502)
2026-05-20T12:33:09Z | total: 29 | failed: 3
    - oil.nonarkara.org (404)
    - bot.nonarkara.org (404)
    - brain.nonarkara.org (404)
2026-05-20T16:28:02Z | total: 29 | failed: 3
    - oil.nonarkara.org (404)
    - bot.nonarkara.org (404)
    - brain.nonarkara.org (404)
2026-05-20T18:40:13Z | total: 29 | failed: 3
    - oil.nonarkara.org (404)
    - bot.nonarkara.org (404)
    - brain.nonarkara.org (404)
2026-05-20T20:59:06Z | total: 29 | failed: 3
    - oil.nonarkara.org (404)
    - bot.nonarkara.org (404)
    - brain.nonarkara.org (530)
2026-05-20T22:39:06Z | total: 29 | failed: 3
    - oil.nonarkara.org (404)
    - bot.nonarkara.org (404)
    - brain.nonarkara.org (530)
2026-05-21T00:07:51Z | total: 29 | failed: 3
    - oil.nonarkara.org (404)
    - bot.nonarkara.org (404)
    - brain.nonarkara.org (530)
2026-05-21T04:52:38Z | total: 29 | failed: 3
    - oil.nonarkara.org (404)
    - bot.nonarkara.org (404)
    - brain.nonarkara.org (404)
2026-05-21T08:32:01Z | total: 29 | failed: 3
    - oil.nonarkara.org (404)
    - bot.nonarkara.org (404)
    - brain.nonarkara.org (530)
2026-05-21T12:14:38Z | total: 29 | failed: 3
    - oil.nonarkara.org (404)
    - bot.nonarkara.org (404)
    - brain.nonarkara.org (530)
2026-05-21T15:56:22Z | total: 29 | failed: 3
    - oil.nonarkara.org (404)
    - bot.nonarkara.org (404)
    - brain.nonarkara.org (404)
2026-05-21T18:03:08Z | total: 29 | failed: 3
    - oil.nonarkara.org (404)
    - bot.nonarkara.org (404)
    - brain.nonarkara.org (404)
2026-05-21T20:19:20Z | total: 29 | failed: 3
    - oil.nonarkara.org (404)
    - bot.nonarkara.org (404)
    - brain.nonarkara.org (404)
2026-05-21T21:56:54Z | total: 29 | failed: 3
    - oil.nonarkara.org (404)
    - bot.nonarkara.org (404)
    - brain.nonarkara.org (404)
2026-05-21T23:06:50Z | total: 29 | failed: 3
    - oil.nonarkara.org (404)
    - bot.nonarkara.org (404)
    - brain.nonarkara.org (404)
2026-05-22T01:28:57Z | total: 29 | failed: 3
    - oil.nonarkara.org (404)
    - bot.nonarkara.org (404)
    - brain.nonarkara.org (404)
2026-05-22T05:44:31Z | total: 29 | failed: 3
    - oil.nonarkara.org (404)
    - bot.nonarkara.org (404)
    - brain.nonarkara.org (404)
2026-05-22T09:25:59Z | total: 29 | failed: 3
    - oil.nonarkara.org (404)
    - bot.nonarkara.org (404)
    - brain.nonarkara.org (404)
2026-05-22T12:04:56Z | total: 29 | failed: 3
    - oil.nonarkara.org (404)
    - bot.nonarkara.org (404)
    - brain.nonarkara.org (404)
2026-05-22T15:32:46Z | total: 29 | failed: 3
    - oil.nonarkara.org (404)
    - bot.nonarkara.org (404)
    - brain.nonarkara.org (404)
2026-05-22T17:52:08Z | total: 29 | failed: 3
    - oil.nonarkara.org (404)
    - bot.nonarkara.org (404)
    - brain.nonarkara.org (404)
2026-05-22T19:46:24Z | total: 29 | failed: 3
    - oil.nonarkara.org (404)
    - bot.nonarkara.org (404)
    - brain.nonarkara.org (404)
2026-05-22T21:10:52Z | total: 29 | failed: 3
    - oil.nonarkara.org (404)
    - bot.nonarkara.org (404)
    - brain.nonarkara.org (404)
2026-05-22T22:34:05Z | total: 29 | failed: 3
    - oil.nonarkara.org (404)
    - bot.nonarkara.org (404)
    - brain.nonarkara.org (404)
